// Jest Snapshot v1, https://goo.gl/fbAQLP

exports[`测试getConfig 和快照匹配 1`] = `
{
  "port": 8080,
  "server": "https://localhost",
}
`;
